###############################################################################
#
# IAR ELF Linker V8.32.1.169/W32 for ARM                  06/Jan/2021  23:00:08
# Copyright 2007-2018 IAR Systems AB.
#
#    Output file  =  
#        C:\Mass-Storage-Disk\repos\current-embedded-learning\gettingStartedTI\Debug\Exe\gettingStartedTI.out
#    Map file     =  
#        C:\Mass-Storage-Disk\repos\current-embedded-learning\gettingStartedTI\Debug\List\gettingStartedTI.map
#    Command line =  
#        -f C:\Users\JACOBH~1\AppData\Local\Temp\EWC96F.tmp
#        (C:\Mass-Storage-Disk\repos\current-embedded-learning\gettingStartedTI\Debug\Obj\main.o
#        --no_out_extension -o
#        C:\Mass-Storage-Disk\repos\current-embedded-learning\gettingStartedTI\Debug\Exe\gettingStartedTI.out
#        --redirect _Printf=_PrintfFullNoMb --redirect _Scanf=_ScanfFullNoMb
#        --map
#        C:\Mass-Storage-Disk\repos\current-embedded-learning\gettingStartedTI\Debug\List\gettingStartedTI.map
#        --config "C:\Program Files (x86)\IAR Systems\Embedded Workbench
#        8.2\arm\config\linker\TexasInstruments\LM4F111H5QR.icf" --semihosting
#        --entry __iar_program_start --vfe --text_out locale)
#
###############################################################################

*******************************************************************************
*** RUNTIME MODEL ATTRIBUTES
***

CppFlavor       = *
__SystemLibrary = DLib
__dlib_version  = 6


*******************************************************************************
*** HEAP SELECTION
***

The basic heap was selected because some modules are built with
size limitations (and not runtime checking), and --advanced_heap
was not specified.


*******************************************************************************
*** PLACEMENT SUMMARY
***

"A0":  place at 0x0 { ro section .intvec };
"P1":  place in [from 0x0 to 0x3'ffff] { ro };
define block CSTACK with size = 2K, alignment = 8 { };
define block HEAP with size = 8K, alignment = 8 { };
"P2":  place in [from 0x2000'0000 to 0x2000'7fff] {
          rw, block CSTACK, block HEAP };

No sections matched the following patterns:

  rw  in "P2"


  Section   Kind         Address   Size  Object
  -------   ----         -------   ----  ------
"A0":                              0x40
  .intvec   ro code          0x0   0x40  vector_table_M.o [4]
                          - 0x40   0x40

"P1":                              0xc4
  .text     ro code         0x40   0x4c  main.o [1]
  .text     ro code         0x8c   0x22  fpinit_M.o [3]
  .text     ro code         0xae    0x2  vector_table_M.o [4]
  .text     ro code         0xb0   0x1e  cmain.o [4]
  .text     ro code         0xce    0x4  low_level_init.o [2]
  .text     ro code         0xd2    0x4  exit.o [2]
  .text     ro code         0xd8    0xa  cexit.o [4]
  .text     ro code         0xe4   0x14  exit.o [5]
  .text     ro code         0xf8    0xc  cstartup_M.o [4]
                         - 0x104   0xc4

"P2":                             0x800
  CSTACK             0x2000'0000  0x800  <Block>
    CSTACK  uninit   0x2000'0000  0x800  <Block tail>
                   - 0x2000'0800  0x800

Unused ranges:

         From           To      Size
         ----           --      ----
        0x104     0x3'ffff  0x3'fefc
  0x2000'0800  0x2000'7fff    0x7800



*******************************************************************************
*** MODULE SUMMARY
***

    Module            ro code  rw data
    ------            -------  -------
command line/config:
    ----------------------------------
    Total:

C:\Mass-Storage-Disk\repos\current-embedded-learning\gettingStartedTI\Debug\Obj: [1]
    main.o                 76
    ----------------------------------
    Total:                 76

dl7M_tln.a: [2]
    exit.o                  4
    low_level_init.o        4
    ----------------------------------
    Total:                  8

m7M_tls.a: [3]
    fpinit_M.o             34
    ----------------------------------
    Total:                 34

rt7M_tl.a: [4]
    cexit.o                10
    cmain.o                30
    cstartup_M.o           12
    vector_table_M.o       66
    ----------------------------------
    Total:                118

shb_l.a: [5]
    exit.o                 20
    ----------------------------------
    Total:                 20

    Gaps                    4
    Linker created               2 048
--------------------------------------
    Grand Total:          260    2 048


*******************************************************************************
*** ENTRY LIST
***

Entry                     Address  Size  Type      Object
-----                     -------  ----  ----      ------
?main                        0xb1        Code  Gb  cmain.o [4]
CSTACK$$Base          0x2000'0000         --   Gb  - Linker created -
CSTACK$$Limit         0x2000'0800         --   Gb  - Linker created -
Region$$Table$$Base           0x0         --   Gb  - Linker created -
Region$$Table$$Limit          0x0         --   Gb  - Linker created -
__cmain                      0xb1        Code  Gb  cmain.o [4]
__exit                       0xe5  0x14  Code  Gb  exit.o [5]
__iar_init_vfp               0x8d        Code  Gb  fpinit_M.o [3]
__iar_program_start          0xf9        Code  Gb  cstartup_M.o [4]
__low_level_init             0xcf   0x4  Code  Gb  low_level_init.o [2]
__vector_table                0x0        Data  Gb  vector_table_M.o [4]
_call_main                   0xbd        Code  Gb  cmain.o [4]
_exit                        0xd9        Code  Gb  cexit.o [4]
_main                        0xcb        Code  Gb  cmain.o [4]
exit                         0xd3   0x4  Code  Gb  exit.o [2]
main                         0x41  0x4c  Code  Gb  main.o [1]


[1] = C:\Mass-Storage-Disk\repos\current-embedded-learning\gettingStartedTI\Debug\Obj
[2] = dl7M_tln.a
[3] = m7M_tls.a
[4] = rt7M_tl.a
[5] = shb_l.a

    260 bytes of readonly  code memory
  2 048 bytes of readwrite data memory

Errors: none
Warnings: none
