###############################################################################
#
# IAR ELF Linker V8.32.1.169/W32 for ARM                  12/Jan/2021  02:26:04
# Copyright 2007-2018 IAR Systems AB.
#
#    Output file  =  
#        C:\Mass-Storage-Disk\repos\current-embedded-learning\learning3\Debug\Exe\gettingStartedTI.out
#    Map file     =  
#        C:\Mass-Storage-Disk\repos\current-embedded-learning\learning3\Debug\List\gettingStartedTI.map
#    Command line =  
#        -f C:\Users\JACOBH~1\AppData\Local\Temp\EW74B7.tmp
#        (C:\Mass-Storage-Disk\repos\current-embedded-learning\learning3\Debug\Obj\delay.o
#        C:\Mass-Storage-Disk\repos\current-embedded-learning\learning3\Debug\Obj\main.o
#        --no_out_extension -o
#        C:\Mass-Storage-Disk\repos\current-embedded-learning\learning3\Debug\Exe\gettingStartedTI.out
#        --redirect _Printf=_PrintfFullNoMb --redirect _Scanf=_ScanfFullNoMb
#        --map
#        C:\Mass-Storage-Disk\repos\current-embedded-learning\learning3\Debug\List\gettingStartedTI.map
#        --config
#        C:\Mass-Storage-Disk\repos\current-embedded-learning\learning3\gettingStartedTI.icf
#        --semihosting --entry __iar_program_start --vfe --text_out locale)
#
###############################################################################

*******************************************************************************
*** RUNTIME MODEL ATTRIBUTES
***

CppFlavor       = *
__SystemLibrary = DLib
__dlib_version  = 6


*******************************************************************************
*** HEAP SELECTION
***

The basic heap was selected because some modules are built with
size limitations (and not runtime checking), and --advanced_heap
was not specified.


*******************************************************************************
*** PLACEMENT SUMMARY
***

"A0":  place at 0x0 { ro section .intvec };
"P1":  place in [from 0x0 to 0x3'ffff] { ro };
define block CSTACK with size = 1K, alignment = 8 { };
define block HEAP with size = 0M, alignment = 8 { };
"P2":  place in [from 0x2000'0000 to 0x2000'7fff] {
          rw, block CSTACK, block HEAP };

No sections matched the following patterns:

  rw  in "P2"


  Section   Kind         Address   Size  Object
  -------   ----         -------   ----  ------
"A0":                              0x40
  .intvec   ro code          0x0   0x40  vector_table_M.o [4]
                          - 0x40   0x40

"P1":                              0xf0
  .text     ro code         0x40   0x64  main.o [1]
  .text     ro code         0xa4   0x14  delay.o [1]
  .text     ro code         0xb8   0x22  fpinit_M.o [3]
  .text     ro code         0xda    0x2  vector_table_M.o [4]
  .text     ro code         0xdc   0x1e  cmain.o [4]
  .text     ro code         0xfa    0x4  low_level_init.o [2]
  .text     ro code         0xfe    0x4  exit.o [2]
  .text     ro code        0x104    0xa  cexit.o [4]
  .text     ro code        0x110   0x14  exit.o [5]
  .text     ro code        0x124    0xc  cstartup_M.o [4]
                         - 0x130   0xf0

"P2":                             0x400
  CSTACK             0x2000'0000  0x400  <Block>
    CSTACK  uninit   0x2000'0000  0x400  <Block tail>
                   - 0x2000'0400  0x400

Unused ranges:

         From           To      Size
         ----           --      ----
        0x130     0x3'ffff  0x3'fed0
  0x2000'0400  0x2000'7fff    0x7c00



*******************************************************************************
*** MODULE SUMMARY
***

    Module            ro code  rw data
    ------            -------  -------
command line/config:
    ----------------------------------
    Total:

C:\Mass-Storage-Disk\repos\current-embedded-learning\learning3\Debug\Obj: [1]
    delay.o                20
    main.o                100
    ----------------------------------
    Total:                120

dl7M_tln.a: [2]
    exit.o                  4
    low_level_init.o        4
    ----------------------------------
    Total:                  8

m7M_tls.a: [3]
    fpinit_M.o             34
    ----------------------------------
    Total:                 34

rt7M_tl.a: [4]
    cexit.o                10
    cmain.o                30
    cstartup_M.o           12
    vector_table_M.o       66
    ----------------------------------
    Total:                118

shb_l.a: [5]
    exit.o                 20
    ----------------------------------
    Total:                 20

    Gaps                    4
    Linker created               1 024
--------------------------------------
    Grand Total:          304    1 024


*******************************************************************************
*** ENTRY LIST
***

Entry                     Address  Size  Type      Object
-----                     -------  ----  ----      ------
?main                        0xdd        Code  Gb  cmain.o [4]
CSTACK$$Base          0x2000'0000         --   Gb  - Linker created -
CSTACK$$Limit         0x2000'0400         --   Gb  - Linker created -
Region$$Table$$Base           0x0         --   Gb  - Linker created -
Region$$Table$$Limit          0x0         --   Gb  - Linker created -
__cmain                      0xdd        Code  Gb  cmain.o [4]
__exit                      0x111  0x14  Code  Gb  exit.o [5]
__iar_init_vfp               0xb9        Code  Gb  fpinit_M.o [3]
__iar_program_start         0x125        Code  Gb  cstartup_M.o [4]
__low_level_init             0xfb   0x4  Code  Gb  low_level_init.o [2]
__vector_table                0x0        Data  Gb  vector_table_M.o [4]
_call_main                   0xe9        Code  Gb  cmain.o [4]
_exit                       0x105        Code  Gb  cexit.o [4]
_main                        0xf7        Code  Gb  cmain.o [4]
delay                        0xa5  0x14  Code  Gb  delay.o [1]
exit                         0xff   0x4  Code  Gb  exit.o [2]
main                         0x4b  0x46  Code  Gb  main.o [1]
swap                         0x41   0xa  Code  Gb  main.o [1]


[1] = C:\Mass-Storage-Disk\repos\current-embedded-learning\learning3\Debug\Obj
[2] = dl7M_tln.a
[3] = m7M_tls.a
[4] = rt7M_tl.a
[5] = shb_l.a

    304 bytes of readonly  code memory
  1 024 bytes of readwrite data memory

Errors: none
Warnings: none
