###############################################################################
#
# IAR ELF Linker V8.32.1.169/W32 for ARM                  16/Jun/2021  13:57:13
# Copyright 2007-2018 IAR Systems AB.
#
#    Output file  =  
#        C:\Mass-Storage-Disk\repos\current-embedded-learning\structs&CMSIS\Debug\Exe\gettingStartedTI.out
#    Map file     =  
#        C:\Mass-Storage-Disk\repos\current-embedded-learning\structs&CMSIS\Debug\List\gettingStartedTI.map
#    Command line =  
#        -f C:\Users\JACOBH~1\AppData\Local\Temp\EWD034.tmp
#        (C:\Mass-Storage-Disk\repos\current-embedded-learning\structs&CMSIS\Debug\Obj\delay.o
#        C:\Mass-Storage-Disk\repos\current-embedded-learning\structs&CMSIS\Debug\Obj\main.o
#        --no_out_extension -o
#        C:\Mass-Storage-Disk\repos\current-embedded-learning\structs&CMSIS\Debug\Exe\gettingStartedTI.out
#        --redirect _Printf=_PrintfFullNoMb --redirect _Scanf=_ScanfFullNoMb
#        --map
#        C:\Mass-Storage-Disk\repos\current-embedded-learning\structs&CMSIS\Debug\List\gettingStartedTI.map
#        --config
#        C:\Mass-Storage-Disk\repos\current-embedded-learning\structs&CMSIS\gettingStartedTI.icf
#        --semihosting --entry __iar_program_start --vfe --text_out locale)
#
###############################################################################

*******************************************************************************
*** RUNTIME MODEL ATTRIBUTES
***

CppFlavor       = *
__SystemLibrary = DLib
__dlib_version  = 6


*******************************************************************************
*** HEAP SELECTION
***

The basic heap was selected because some modules are built with
size limitations (and not runtime checking), and --advanced_heap
was not specified.


*******************************************************************************
*** PLACEMENT SUMMARY
***

"A0":  place at 0x0 { ro section .intvec };
"P1":  place in [from 0x0 to 0x3'ffff] { ro };
define block CSTACK with size = 1K, alignment = 8 { };
define block HEAP with size = 0M, alignment = 8 { };
"P2":  place in [from 0x2000'0000 to 0x2000'7fff] {
          rw, block CSTACK, block HEAP };

  Section          Kind         Address   Size  Object
  -------          ----         -------   ----  ------
"A0":                                     0x40
  .intvec          ro code          0x0   0x40  vector_table_M.o [4]
                                 - 0x40   0x40

"P1":                                    0x1b0
  .text            ro code         0x40   0xb0  main.o [1]
  .text            ro code         0xf0   0x14  delay.o [1]
  .text            ro code        0x104   0x3a  zero_init3.o [4]
  .text            ro code        0x13e    0x2  vector_table_M.o [4]
  .text            ro code        0x140   0x28  data_init.o [4]
  .text            ro code        0x168   0x22  fpinit_M.o [3]
  .iar.init_table  const          0x18c   0x10  - Linker created -
  .text            ro code        0x19c   0x1e  cmain.o [4]
  .text            ro code        0x1ba    0x4  low_level_init.o [2]
  .text            ro code        0x1be    0x4  exit.o [2]
  .text            ro code        0x1c4    0xa  cexit.o [4]
  .text            ro code        0x1d0   0x14  exit.o [5]
  .text            ro code        0x1e4    0xc  cstartup_M.o [4]
  .rodata          const          0x1f0    0x0  zero_init3.o [4]
                                - 0x1f0  0x1b0

"P2", part 1 of 2:                        0x24
  .bss             zero     0x2000'0000    0xc  main.o [1]
  .bss             zero     0x2000'000c    0x8  main.o [1]
  .bss             zero     0x2000'0014    0x8  main.o [1]
  .bss             zero     0x2000'001c    0x4  main.o [1]
  .bss             zero     0x2000'0020    0x4  main.o [1]
                          - 0x2000'0024   0x24

"P2", part 2 of 2:                       0x400
  CSTACK                    0x2000'0028  0x400  <Block>
    CSTACK         uninit   0x2000'0028  0x400  <Block tail>
                          - 0x2000'0428  0x400

Unused ranges:

         From           To      Size
         ----           --      ----
        0x1f0     0x3'ffff  0x3'fe10
  0x2000'0024  0x2000'0027       0x4
  0x2000'0428  0x2000'7fff    0x7bd8


*******************************************************************************
*** INIT TABLE
***

          Address      Size
          -------      ----
Zero (__iar_zero_init3)
    1 destination range, total size 0x24:
          0x2000'0000  0x24



*******************************************************************************
*** MODULE SUMMARY
***

    Module            ro code  ro data  rw data
    ------            -------  -------  -------
command line/config:
    -------------------------------------------
    Total:

C:\Mass-Storage-Disk\repos\current-embedded-learning\structs&CMSIS\Debug\Obj: [1]
    delay.o                20
    main.o                176                36
    -------------------------------------------
    Total:                196                36

dl7M_tln.a: [2]
    exit.o                  4
    low_level_init.o        4
    -------------------------------------------
    Total:                  8

m7M_tls.a: [3]
    fpinit_M.o             34
    -------------------------------------------
    Total:                 34

rt7M_tl.a: [4]
    cexit.o                10
    cmain.o                30
    cstartup_M.o           12
    data_init.o            40
    vector_table_M.o       66
    zero_init3.o           58
    -------------------------------------------
    Total:                216

shb_l.a: [5]
    exit.o                 20
    -------------------------------------------
    Total:                 20

    Gaps                    4        2
    Linker created                  16    1 024
-----------------------------------------------
    Grand Total:          478       18    1 060


*******************************************************************************
*** ENTRY LIST
***

Entry                       Address  Size  Type      Object
-----                       -------  ----  ----      ------
.iar.init_table$$Base         0x18c         --   Gb  - Linker created -
.iar.init_table$$Limit        0x19c         --   Gb  - Linker created -
?main                         0x19d        Code  Gb  cmain.o [4]
CSTACK$$Base            0x2000'0028         --   Gb  - Linker created -
CSTACK$$Limit           0x2000'0428         --   Gb  - Linker created -
Region$$Table$$Base           0x18c         --   Gb  - Linker created -
Region$$Table$$Limit          0x19c         --   Gb  - Linker created -
__cmain                       0x19d        Code  Gb  cmain.o [4]
__exit                        0x1d1  0x14  Code  Gb  exit.o [5]
__iar_data_init3              0x141  0x28  Code  Gb  data_init.o [4]
__iar_init_vfp                0x169        Code  Gb  fpinit_M.o [3]
__iar_program_start           0x1e5        Code  Gb  cstartup_M.o [4]
__iar_zero_init3              0x105  0x3a  Code  Gb  zero_init3.o [4]
__low_level_init              0x1bb   0x4  Code  Gb  low_level_init.o [2]
__vector_table                  0x0        Data  Gb  vector_table_M.o [4]
_call_main                    0x1a9        Code  Gb  cmain.o [4]
_exit                         0x1c5        Code  Gb  cexit.o [4]
_main                         0x1b7        Code  Gb  cmain.o [4]
delay                          0xf1  0x14  Code  Gb  delay.o [1]
exit                          0x1bf   0x4  Code  Gb  exit.o [2]
main                           0x41  0xb0  Code  Gb  main.o [1]
p1                      0x2000'001c   0x4  Data  Gb  main.o [1]
p2                      0x2000'0020   0x4  Data  Gb  main.o [1]
t                       0x2000'0000   0xc  Data  Gb  main.o [1]
w                       0x2000'000c   0x8  Data  Gb  main.o [1]
w2                      0x2000'0014   0x8  Data  Gb  main.o [1]


[1] = C:\Mass-Storage-Disk\repos\current-embedded-learning\structs&CMSIS\Debug\Obj
[2] = dl7M_tln.a
[3] = m7M_tls.a
[4] = rt7M_tl.a
[5] = shb_l.a

    478 bytes of readonly  code memory
     18 bytes of readonly  data memory
  1 060 bytes of readwrite data memory

Errors: none
Warnings: none
